ERROR:root:oly
WARNING:root:sed
WARNING:root:sed
ERROR:root:oly
WARNING:root:sed
ERROR:root:oly
WARNING:root:sed
ERROR:root:oly
WARNING:root:sed
ERROR:root:oly
WARNING:root:sed
ERROR:root:oly
